<?php return array (
  0 => 'Symfony\\Bundle\\FrameworkBundle\\Controller\\AbstractController',
  1 => 'App\\Controller\\PtflController',
  2 => 'App\\Entity\\PortActivite',
  3 => 'App\\Entity\\PortActivitecitee',
  4 => 'App\\Entity\\PortBac',
  5 => 'App\\Entity\\PortCadre',
  6 => 'App\\Entity\\PortCarnetbord',
  7 => 'App\\Entity\\PortCommentaire',
  8 => 'App\\Entity\\PortCompetence',
  9 => 'App\\Entity\\PortDomaine',
  10 => 'App\\Entity\\PortDomainetaches',
  11 => 'App\\Entity\\PortEchange',
  12 => 'App\\Entity\\PortEtudiant',
  13 => 'App\\Entity\\PortExerce',
  14 => 'App\\Entity\\PortGroupe',
  15 => 'App\\Entity\\PortJour',
  16 => 'App\\Entity\\PortLocalisation',
  17 => 'App\\Entity\\PortNotification',
  18 => 'App\\Entity\\PortNotifier',
  19 => 'App\\Entity\\PortParcours',
  20 => 'App\\Entity\\PortPointage',
  21 => 'App\\Entity\\PortProduction',
  22 => 'App\\Entity\\PortProfesseur',
  23 => 'App\\Entity\\PortSemainecarnet',
  24 => 'App\\Entity\\PortSituation',
  25 => 'App\\Entity\\PortSource',
  26 => 'App\\Entity\\PortSuivistage',
  27 => 'App\\Entity\\PortTachesemaine',
  28 => 'App\\Entity\\PortType',
  29 => 'App\\Entity\\PortTypesource',
  30 => 'Doctrine\\Bundle\\DoctrineBundle\\Controller\\ProfilerController',
  31 => 'Doctrine\\ORM\\Cache\\Persister\\Entity\\AbstractEntityPersister',
  32 => 'Doctrine\\ORM\\Cache\\Persister\\Entity\\CachedEntityPersister',
  33 => 'Doctrine\\ORM\\Cache\\Persister\\Entity\\NonStrictReadWriteCachedEntityPersister',
  34 => 'Doctrine\\ORM\\Cache\\Persister\\Entity\\ReadOnlyCachedEntityPersister',
  35 => 'Doctrine\\ORM\\Cache\\Persister\\Entity\\ReadWriteCachedEntityPersister',
  36 => 'Doctrine\\ORM\\Persisters\\Entity\\AbstractEntityInheritancePersister',
  37 => 'Doctrine\\ORM\\Persisters\\Entity\\BasicEntityPersister',
  38 => 'Doctrine\\ORM\\Persisters\\Entity\\CachedPersisterContext',
  39 => 'Doctrine\\ORM\\Persisters\\Entity\\EntityPersister',
  40 => 'Doctrine\\ORM\\Persisters\\Entity\\JoinedSubclassPersister',
  41 => 'Doctrine\\ORM\\Persisters\\Entity\\SingleTablePersister',
  43 => 'Symfony\\Bundle\\FrameworkBundle\\Controller\\ControllerResolver',
  44 => 'Symfony\\Bundle\\FrameworkBundle\\Controller\\RedirectController',
  45 => 'Symfony\\Bundle\\FrameworkBundle\\Controller\\TemplateController',
  46 => 'Symfony\\Component\\HttpKernel\\Controller\\ArgumentResolver',
  47 => 'Symfony\\Component\\HttpKernel\\Controller\\ArgumentResolverInterface',
  48 => 'Symfony\\Component\\HttpKernel\\Controller\\ArgumentResolver\\DefaultValueResolver',
  49 => 'Symfony\\Component\\HttpKernel\\Controller\\ArgumentResolver\\NotTaggedControllerValueResolver',
  50 => 'Symfony\\Component\\HttpKernel\\Controller\\ArgumentResolver\\RequestAttributeValueResolver',
  51 => 'Symfony\\Component\\HttpKernel\\Controller\\ArgumentResolver\\RequestValueResolver',
  52 => 'Symfony\\Component\\HttpKernel\\Controller\\ArgumentResolver\\ServiceValueResolver',
  53 => 'Symfony\\Component\\HttpKernel\\Controller\\ArgumentResolver\\SessionValueResolver',
  54 => 'Symfony\\Component\\HttpKernel\\Controller\\ArgumentResolver\\TraceableValueResolver',
  55 => 'Symfony\\Component\\HttpKernel\\Controller\\ArgumentResolver\\VariadicValueResolver',
  56 => 'Symfony\\Component\\HttpKernel\\Controller\\ArgumentValueResolverInterface',
  57 => 'Symfony\\Component\\HttpKernel\\Controller\\ContainerControllerResolver',
  58 => 'Symfony\\Component\\HttpKernel\\Controller\\ControllerReference',
  59 => 'Symfony\\Component\\HttpKernel\\Controller\\ControllerResolver',
  60 => 'Symfony\\Component\\HttpKernel\\Controller\\ControllerResolverInterface',
  61 => 'Symfony\\Component\\HttpKernel\\Controller\\ErrorController',
  62 => 'Symfony\\Component\\HttpKernel\\Controller\\TraceableArgumentResolver',
  63 => 'Symfony\\Component\\HttpKernel\\Controller\\TraceableControllerResolver',
);